// Jest Snapshot v1, https://goo.gl/fbAQLP

exports[`FavoritesView Call fetchFavoriteBooks store action 1`] = `
"<section class=\\"favorites wrapper\\">
  <h2 class=\\"title\\">Favorites</h2>
  <div class=\\"h-80 flex justify-center items-center\\">
    <div class=\\"sk-cube-grid\\">
      <div class=\\"sk-cube sk-cube1\\"></div>
      <div class=\\"sk-cube sk-cube2\\"></div>
      <div class=\\"sk-cube sk-cube3\\"></div>
      <div class=\\"sk-cube sk-cube4\\"></div>
      <div class=\\"sk-cube sk-cube5\\"></div>
      <div class=\\"sk-cube sk-cube6\\"></div>
      <div class=\\"sk-cube sk-cube7\\"></div>
      <div class=\\"sk-cube sk-cube8\\"></div>
      <div class=\\"sk-cube sk-cube9\\"></div>
    </div>
  </div>
</section>"
`;
